NM_009768
NM_001077184
http://genome.ucsc.edu/cgi-bin/hgTracks?org=mouse&position=NM_009768
NM_001287738
NM_009883
NM_001287739
http://genome.ucsc.edu/cgi-bin/hgTracks?org=mouse&position=NM_001287739
NM_010828
http://genome.ucsc.edu/cgi-bin/hgTracks?org=mouse&position=NM_010828
NM_009932
http://genome.ucsc.edu/cgi-bin/hgTracks?org=mouse&position=NM_009932
NM_007614
NM_001165902
http://genome.ucsc.edu/cgi-bin/hgTracks?org=mouse&position=NM_007614
NM_025567
http://genome.ucsc.edu/cgi-bin/hgTracks?org=mouse&position=NM_025567
NM_172962
NM_007584
NM_001198831
NM_001198833
http://genome.ucsc.edu/cgi-bin/hgTracks?org=mouse&position=NM_007584
NM_026603
http://genome.ucsc.edu/cgi-bin/hgTracks?org=mouse&position=NM_026603
NM_010091
NM_001302342
NM_001302342.1: This RefSeq was removed because currently there is insufficient support for the transcript.
NM_001302342.1
NM_001356381
http://genome.ucsc.edu/cgi-bin/hgTracks?org=mouse&position=NM_001356381
NM_199307
NM_001369177
NM_001369178
NM_001369179
http://genome.ucsc.edu/cgi-bin/hgTracks?org=mouse&position=NM_199307
NM_023580
http://genome.ucsc.edu/cgi-bin/hgTracks?org=mouse&position=NM_023580
NM_133753
NM_001356323
http://genome.ucsc.edu/cgi-bin/hgTracks?org=mouse&position=NM_001356323
NM_146094
http://genome.ucsc.edu/cgi-bin/hgTracks?org=mouse&position=NM_146094
NM_007991
http://genome.ucsc.edu/cgi-bin/hgTracks?org=mouse&position=NM_007991
NM_001033300
http://genome.ucsc.edu/cgi-bin/hgTracks?org=mouse&position=NM_001033300
NM_010412
NM_001284250
NM_001284249
NM_001077696
NM_001284248
NM_001361596
http://genome.ucsc.edu/cgi-bin/hgTracks?org=mouse&position=NM_001284248
NM_008251
http://genome.ucsc.edu/cgi-bin/hgTracks?org=mouse&position=NM_008251
NM_029673
NM_001253681
NM_001253686
NM_001253687
NM_001253688
NM_001253689
NM_001362134
NM_001362136
NM_001362137
NM_001362138
http://genome.ucsc.edu/cgi-bin/hgTracks?org=mouse&position=NM_029673
NM_024267
NM_001360078
NM_016721
http://genome.ucsc.edu/cgi-bin/hgTracks?org=mouse&position=NM_016721
NM_023627
http://genome.ucsc.edu/cgi-bin/hgTracks?org=mouse&position=NM_023627
NM_001162977
NM_172273.1: This RefSeq was suppressed temporarily based on the calculation that the annotated protein was shorter than a protein or proteins from a putative ortholog.
NM_172273.1
http://genome.ucsc.edu/cgi-bin/hgTracks?org=mouse&position=NM_001162977
NM_145385
NM_001170341
http://genome.ucsc.edu/cgi-bin/hgTracks?org=mouse&position=NM_145385
NM_001290982
NM_010863
NM_001161817
http://genome.ucsc.edu/cgi-bin/hgTracks?org=mouse&position=NM_001161817
NM_134009
http://genome.ucsc.edu/cgi-bin/hgTracks?org=mouse&position=NM_134009
NM_001114088
NM_026131
NM_001114087
http://genome.ucsc.edu/cgi-bin/hgTracks?org=mouse&position=NM_001114088
NM_011079
NM_026438
http://genome.ucsc.edu/cgi-bin/hgTracks?org=mouse&position=NM_026438
NM_011213
http://genome.ucsc.edu/cgi-bin/hgTracks?org=mouse&position=NM_011213
NM_019719
NM_011548
NM_001164149
NM_001164153
NM_001164151
NM_001164152
NM_001164148
NM_001164150
NM_001164147
http://genome.ucsc.edu/cgi-bin/hgTracks?org=mouse&position=NM_001164147
NM_011594
http://genome.ucsc.edu/cgi-bin/hgTracks?org=mouse&position=NM_011594
NM_001161746
NM_013749
http://genome.ucsc.edu/cgi-bin/hgTracks?org=mouse&position=NM_013749
